package cobranca_test

import (
	"errors"
	"testing"

	"example.com/golden/internal/cobranca"
	"example.com/golden/internal/cobranca/cobrancatest"
)

// A máquina é fechada: o que a tabela permite passa, o resto é recusado — e
// uma assinatura cancelada não volta porque um evento velho chegou atrasado.
// Depois, o contrato do store inteiro sobre a memória.
func TestBillingStates(t *testing.T) {
	casos := []struct {
		de, para cobranca.Estado
		pode     bool
	}{
		{cobranca.Trial, cobranca.Ativa, true}, {cobranca.Trial, cobranca.Atrasada, true},
		{cobranca.Trial, cobranca.Cancelada, true}, {cobranca.Ativa, cobranca.Atrasada, true},
		{cobranca.Ativa, cobranca.Cancelada, true}, {cobranca.Ativa, cobranca.Trial, false},
		{cobranca.Atrasada, cobranca.Ativa, true}, {cobranca.Atrasada, cobranca.Cancelada, true},
		{cobranca.Atrasada, cobranca.Trial, false}, {cobranca.Cancelada, cobranca.Ativa, false},
		{cobranca.Cancelada, cobranca.Atrasada, false}, {cobranca.Cancelada, cobranca.Trial, false},
	}
	for _, c := range casos {
		err := cobranca.Mover(c.de, c.para)
		if (err == nil) != c.pode {
			t.Errorf("%s → %s: err = %v, pode = %v", c.de, c.para, err, c.pode)
		}
		if err != nil && !errors.Is(err, cobranca.ErrTransicao) {
			t.Errorf("%s → %s: o erro não é ErrTransicao: %v", c.de, c.para, err)
		}
	}
	if len(cobranca.Transicoes) != len(cobranca.Estados()) {
		t.Fatalf("a tabela tem %d estados e a lista %d", len(cobranca.Transicoes), len(cobranca.Estados()))
	}
	cobrancatest.Contrato(t, cobranca.NovoStore())
}
