package main

import (
	"io"
	"log/slog"
	"net/http"
	"strings"
	"testing"

	"github.com/emersonjoe/trilha"

	"example.com/golden/internal/busca"
	"example.com/golden/internal/sessao/sessaotest"
)

// A página responde com a caixa mesmo sem busca, e acha o que foi indexado.
func TestPaginaDeBusca(t *testing.T) {
	t.Setenv("TRILHA_ENV", "dev")
	slog.SetDefault(slog.New(slog.NewTextHandler(io.Discard, nil)))
	// A busca mora em /admin, atrás do papel de quem administra.
	t.Setenv("TRILHA_SECRET", "a-test-secret-with-more-than-32-bytes!!")
	t.Setenv("ADMIN_EMAIL", "admin@example.com")
	t.Setenv("ADMIN_PASSWORD", "a-password-nobody-guesses")
	a := newApp()
	c := trilha.NewTestClient(t, a)
	sessaotest.Entrar(t, c)

	vazia := c.Get("/admin/busca").WantStatus(http.StatusOK).Body.String()
	if !strings.Contains(vazia, "role="+"\"search\"") {
		t.Fatalf("a caixa não apareceu:\n%s", vazia)
	}

	if err := busca.Indice.Put(nil, trilha.Doc{
		Kind: "exemplo", ID: "1", Title: "João da Silva", URL: "/exemplos/1",
	}); err != nil {
		t.Fatal(err)
	}
	// Sem acento e em caixa baixa: é o que todo mundo digita.
	corpo := c.Get("/admin/busca?q=joao").WantStatus(http.StatusOK).Body.String()
	if !strings.Contains(corpo, "/exemplos/1") {
		t.Fatalf("não achou o que foi indexado:\n%s", corpo)
	}
}
