// Package notificar is how this application tells people things.
//
// One call — Notificar — and the rest is the person's choice and the
// application's limits: the channel they picked, the hours they do not want
// to hear from anybody, the digest they asked for instead of one message per
// event, and a ceiling per channel so a loop somewhere does not become a
// thousand messages. Everything that was decided lands in an outbox an
// administrator can read and resend from.
//
// The rows live behind the Store interface: in memory until the project has a
// database, and in the tables of migrations/0110_notify.sql once
// `trilha add store` is there (sql.go) — without a screen changing.
package notificar

import (
	"context"
	"database/sql"
	"errors"
	"sort"
	"strconv"
	"strings"
	"sync"
	"time"

	"github.com/emersonjoe/trilha"
	"github.com/emersonjoe/trilha/h"
	"github.com/emersonjoe/trilha/mail"
	"github.com/emersonjoe/trilha/task"
)

// The channels. E-mail is always wired; the other two are wired by setup.go
// when the webhooks and channel-whatsapp recipes are there.
const (
	CanalEmail    = "mail"
	CanalWebhook  = "webhook"
	CanalWhatsApp = "whatsapp"
)

// CodigoLimite is the stable code of a notification the channel's limit
// held back. It has a page at /docs/errors/E_NOTIFY_RATE.
const CodigoLimite = "E_NOTIFY_RATE"

// ErrLimite is Notificar answering that the channel reached its limit for
// this person in this hour. The notification is in the outbox as limited.
var ErrLimite = errors.New("notificar: " + CodigoLimite + ": the channel reached its limit for this recipient")

// ErrNaoExiste is an id the outbox does not have.
var ErrNaoExiste = errors.New("notificar: no such notification")

// ErrSemTelefone is a text channel for somebody who gave no phone number.
var ErrSemTelefone = errors.New("notificar: the person has no phone number for a text channel")

// Estado is what happened to a notification.
type Estado string

// The states of the outbox.
const (
	Enviada   Estado = "enviada"  // it left
	Retida    Estado = "retida"   // it arrived during the person's quiet hours
	NoDigesto Estado = "digesto"  // it waits for the daily digest
	Limitada  Estado = "limitada" // the channel's limit held it back
	Falhou    Estado = "falhou"   // the channel answered an error
)

// Pessoa is who a notification is for: the session's subject is the key of
// the preferences, and the e-mail is where the e-mail channel and the digest
// go.
type Pessoa struct {
	Sujeito string
	Email   string
}

// Notificacao is one row of the outbox.
type Notificacao struct {
	ID       string
	Para     Pessoa
	Telefone string
	Canal    string
	Titulo   string
	Corpo    string
	Estado   Estado
	// Erro is why it did not leave: the code of the limit, or the channel's
	// answer. Never the body — the outbox is read by administrators, and the
	// log by whoever reads logs.
	Erro       string
	Tentativas int
	Criada     time.Time
	Enviada    time.Time
}

// Preferencias is what a person chose. The tags are the form's rules: the
// same struct is the screen, the validation and the row.
type Preferencias struct {
	Canal       string `form:"canal" validate:"required,oneof=mail webhook whatsapp" label:"Channel"`
	Digesto     bool   `form:"digesto" label:"Daily digest"`
	SilencioDe  int    `form:"silencio_de" validate:"min=0,max=23" label:"Quiet from (hour)"`
	SilencioAte int    `form:"silencio_ate" validate:"min=0,max=23" label:"Quiet until (hour)"`
	Telefone    string `form:"telefone" validate:"max=20" label:"Phone (for WhatsApp)"`
}

// Padrao is what somebody who never opened the screen gets: e-mail, one
// message per notification, no quiet hours.
var Padrao = Preferencias{Canal: CanalEmail}

// Silencio says whether hour falls in the quiet hours. From 22 to 7 wraps
// midnight; from and to equal is no quiet hours at all.
func (p Preferencias) Silencio(hora int) bool {
	switch {
	case p.SilencioDe == p.SilencioAte:
		return false
	case p.SilencioDe < p.SilencioAte:
		return hora >= p.SilencioDe && hora < p.SilencioAte
	default:
		return hora >= p.SilencioDe || hora < p.SilencioAte
	}
}

// Ajustes is what an administrator changes without a deploy.
type Ajustes struct {
	LimitePorHora int `json:"limite_por_hora" form:"limite_por_hora" validate:"min=1,max=1000" label:"Messages per channel, per person, per hour"`
	HoraDigesto   int `json:"hora_digesto" form:"hora_digesto" validate:"min=0,max=23" label:"Hour of the daily digest"`
}

// Config is the settings section of this module: how many messages one
// channel may send one person per hour, and the hour the digest goes out.
var Config = trilha.NewSettings("notificar", Ajustes{LimitePorHora: 10, HoraDigesto: 8})

// Canal sends one notification. It receives the request, because the
// webhook and WhatsApp channels need it to reach what the application
// provided.
type Canal func(c *trilha.Ctx, n Notificacao) error

// Canais is every wired channel. setup.go adds to it; the preferences screen
// only offers what is here.
var Canais = map[string]Canal{CanalEmail: PorEmail}

// Disponiveis lists the wired channels, in a stable order.
func Disponiveis() []string {
	var out []string
	for _, c := range []string{CanalEmail, CanalWebhook, CanalWhatsApp} {
		if _, ok := Canais[c]; ok {
			out = append(out, c)
		}
	}
	return out
}

// Mailer sends the e-mail channel and the digest. A package variable on
// purpose: a test puts a mail.Outbox in its place.
var Mailer = mail.New(mail.FromEnv())

// Marca is the name in the messages.
const Marca = "My application"

// TarefaDigesto is the task the outbox screen starts to send today's digest.
const TarefaDigesto = "notificar.digesto"

// Store is where the rows live: the preferences and the outbox, the tables
// of migrations/0110_notify.sql. Novo keeps them in memory; with
// `trilha add store` in the project, setup.go points Banco at the
// database and Setup uses NovoSQL (sql.go) — the same methods, so no screen
// changes.
type Store interface {
	// Preferencias is what the person chose, and whether they chose at all.
	Preferencias(ctx context.Context, sujeito string) (Preferencias, bool, error)
	SalvarPreferencias(ctx context.Context, sujeito string, p Preferencias) error
	// Guardar writes a new row of the outbox and gives it its id.
	Guardar(ctx context.Context, n Notificacao) (Notificacao, error)
	// Atualizar writes what happened to a row: state, error, attempts, when
	// it left.
	Atualizar(ctx context.Context, n Notificacao) error
	// Uma is one row, or ErrNaoExiste.
	Uma(ctx context.Context, id string) (Notificacao, error)
	// Fila is the outbox, the newest first; para filters by subject.
	Fila(ctx context.Context, para string) ([]Notificacao, error)
	// Esperando is what waits for the digest — asked for it, or held by the
	// quiet hours — the oldest first.
	Esperando(ctx context.Context) ([]Notificacao, error)
	// Dia records the day of a digest and says whether it was the first
	// time: the digest goes once a day, across restarts and replicas.
	Dia(ctx context.Context, dia string) (bool, error)
}

// Memoria is the outbox and the preferences in memory.
type Memoria struct {
	mu    sync.Mutex
	seq   int
	prefs map[string]Preferencias
	fila  []Notificacao
	dias  map[string]bool
}

// NovaMemoria is an empty store in memory.
func NovaMemoria() *Memoria {
	return &Memoria{prefs: map[string]Preferencias{}, dias: map[string]bool{}}
}

func (m *Memoria) Preferencias(_ context.Context, sujeito string) (Preferencias, bool, error) {
	m.mu.Lock()
	defer m.mu.Unlock()
	p, ok := m.prefs[sujeito]
	return p, ok, nil
}

func (m *Memoria) SalvarPreferencias(_ context.Context, sujeito string, p Preferencias) error {
	m.mu.Lock()
	defer m.mu.Unlock()
	m.prefs[sujeito] = p
	return nil
}

func (m *Memoria) Guardar(_ context.Context, n Notificacao) (Notificacao, error) {
	m.mu.Lock()
	defer m.mu.Unlock()
	m.seq++
	n.ID = "n-" + strconv.Itoa(m.seq)
	m.fila = append(m.fila, n)
	return n, nil
}

func (m *Memoria) Atualizar(_ context.Context, n Notificacao) error {
	m.mu.Lock()
	defer m.mu.Unlock()
	for i := range m.fila {
		if m.fila[i].ID == n.ID {
			m.fila[i] = n
			return nil
		}
	}
	return ErrNaoExiste
}

func (m *Memoria) Uma(_ context.Context, id string) (Notificacao, error) {
	m.mu.Lock()
	defer m.mu.Unlock()
	for _, n := range m.fila {
		if n.ID == id {
			return n, nil
		}
	}
	return Notificacao{}, ErrNaoExiste
}

func (m *Memoria) Fila(_ context.Context, para string) ([]Notificacao, error) {
	m.mu.Lock()
	defer m.mu.Unlock()
	out := make([]Notificacao, 0, len(m.fila))
	for i := len(m.fila) - 1; i >= 0; i-- {
		if para == "" || m.fila[i].Para.Sujeito == para {
			out = append(out, m.fila[i])
		}
	}
	return out, nil
}

func (m *Memoria) Esperando(context.Context) ([]Notificacao, error) {
	m.mu.Lock()
	defer m.mu.Unlock()
	var out []Notificacao
	for _, n := range m.fila {
		if n.Estado == NoDigesto || n.Estado == Retida {
			out = append(out, n)
		}
	}
	return out, nil
}

func (m *Memoria) Dia(_ context.Context, dia string) (bool, error) {
	m.mu.Lock()
	defer m.mu.Unlock()
	if m.dias[dia] {
		return false, nil
	}
	m.dias[dia] = true
	return true, nil
}

// Notificador is the module: the rules — preferences, quiet hours, digest,
// limits — over a Store. The limit counts per process: it protects the
// channel from a loop, not the person from a fleet of replicas.
type Notificador struct {
	store   Store
	mu      sync.Mutex
	limite  int
	limites *trilha.Limiter
	tarefas *task.Tasks
	// Agora is the clock. A test sets it to put the quiet hours where it
	// wants them.
	Agora func() time.Time
}

// Novo is a notifier over an empty store in memory.
func Novo() *Notificador { return Sobre(NovaMemoria()) }

// Sobre is a notifier over the store given — the database, in Setup.
func Sobre(s Store) *Notificador { return &Notificador{store: s, Agora: time.Now} }

// Banco is the database, when the project has one: setup.go sets it when the
// store recipe is there (trilha:link notify-store), and Setup then keeps the
// rows in migrations/0110_notify.sql instead of in memory. A function because
// store.Setup, which opens the pool, may run after this one.
var Banco func() (db *sql.DB, arg func(n int) string)

// Setup binds the settings, builds the notifier, hands it to the application,
// starts the digest engine and the clock that sends the digest once a day.
func Setup(a *trilha.App) error {
	if err := Config.Bind(a, nil); err != nil {
		return err
	}
	n := Novo()
	if Banco != nil {
		n = Sobre(NovoSQL(Banco))
	}
	n.tarefas = task.New(task.Options{Logger: a.Logger()})
	n.tarefas.Handle(TarefaDigesto, func(ctx context.Context, p *task.Progress) error {
		_, err := n.Digesto(ctx)
		return err
	})
	trilha.Provide(a, n)
	pare := make(chan struct{})
	go n.relogio(pare)
	a.OnShutdown(func(*trilha.App) error { close(pare); return nil })
	return n.tarefas.Setup(a)
}

// relogio looks at the hour once an hour and sends the digest at the hour of
// the settings. Digesto itself refuses a second run on the same day, so a
// restart at the digest hour does not send it twice.
func (n *Notificador) relogio(pare <-chan struct{}) {
	t := time.NewTicker(time.Hour)
	defer t.Stop()
	for {
		select {
		case <-pare:
			return
		case <-t.C:
			if n.Agora().Hour() == Config.Get().HoraDigesto {
				n.Digesto(context.Background())
			}
		}
	}
}

// Preferencias is what the person chose, or Padrao.
func (n *Notificador) Preferencias(ctx context.Context, sujeito string) (Preferencias, error) {
	p, ok, err := n.store.Preferencias(ctx, sujeito)
	if err != nil || !ok {
		return Padrao, err
	}
	return p, nil
}

// SalvarPreferencias writes what the person chose.
func (n *Notificador) SalvarPreferencias(ctx context.Context, sujeito string, p Preferencias) error {
	return n.store.SalvarPreferencias(ctx, sujeito, p)
}

// Fila is the outbox, the newest first; para filters by subject when not
// empty.
func (n *Notificador) Fila(ctx context.Context, para string) ([]Notificacao, error) {
	return n.store.Fila(ctx, para)
}

func ctxDe(c *trilha.Ctx) context.Context {
	if c == nil {
		return context.Background()
	}
	return c.Context()
}

// Notificar is the one call. It decides by the person's preferences and the
// channel's limit, and always leaves the notification in the outbox —
// ErrLimite when the limit held it back, the channel's error when it failed.
func (n *Notificador) Notificar(c *trilha.Ctx, para Pessoa, titulo, corpo string) (Notificacao, error) {
	ctx := ctxDe(c)
	p, err := n.Preferencias(ctx, para.Sujeito)
	if err != nil {
		return Notificacao{}, err
	}
	canal := p.Canal
	if _, ok := Canais[canal]; !ok {
		// A preference for a channel that was unwired since falls back to
		// e-mail rather than to silence.
		canal = CanalEmail
	}
	no, err := n.store.Guardar(ctx, Notificacao{Para: para, Telefone: p.Telefone, Canal: canal,
		Titulo: titulo, Corpo: corpo, Criada: n.Agora()})
	if err != nil {
		return Notificacao{}, err
	}
	switch {
	case p.Digesto:
		return n.marcar(ctx, no, NoDigesto, "")
	case p.Silencio(n.Agora().Hour()):
		return n.marcar(ctx, no, Retida, "")
	}
	return n.entregar(c, no)
}

// Reenviar sends again what the limit held back, what failed or what the
// quiet hours retained — the button of the outbox. The quiet hours still
// hold: resending at 3 a.m. is still 3 a.m. for the person.
func (n *Notificador) Reenviar(c *trilha.Ctx, id string) (Notificacao, error) {
	ctx := ctxDe(c)
	no, err := n.store.Uma(ctx, id)
	if err != nil || no.Estado == Enviada {
		return no, err
	}
	p, err := n.Preferencias(ctx, no.Para.Sujeito)
	if err != nil {
		return no, err
	}
	if p.Silencio(n.Agora().Hour()) {
		return n.marcar(ctx, no, Retida, "")
	}
	return n.entregar(c, no)
}

// entregar is the limit and the channel.
func (n *Notificador) entregar(c *trilha.Ctx, no Notificacao) (Notificacao, error) {
	ctx := ctxDe(c)
	if !n.permite(no.Canal + "\x00" + no.Para.Sujeito) {
		no, err := n.marcar(ctx, no, Limitada, CodigoLimite)
		if err != nil {
			return no, err
		}
		return no, ErrLimite
	}
	no.Tentativas++
	if err := Canais[no.Canal](c, no); err != nil {
		no, merr := n.marcar(ctx, no, Falhou, err.Error())
		if merr != nil {
			return no, merr
		}
		return no, err
	}
	return n.marcar(ctx, no, Enviada, "")
}

// permite is the per-channel, per-person limit. The limiter is rebuilt when
// an administrator changes the number, so the new limit counts from then.
func (n *Notificador) permite(chave string) bool {
	limite := Config.Get().LimitePorHora
	n.mu.Lock()
	if n.limites == nil || n.limite != limite {
		n.limite = limite
		n.limites = trilha.NewLimiter(trilha.RateLimit{RPS: float64(limite) / 3600, Burst: limite})
	}
	l := n.limites
	n.mu.Unlock()
	ok, _ := l.Allow(chave)
	return ok
}

// marcar writes what happened to one notification and answers it.
func (n *Notificador) marcar(ctx context.Context, no Notificacao, e Estado, erro string) (Notificacao, error) {
	no.Estado, no.Erro = e, erro
	if e == Enviada {
		no.Enviada = n.Agora()
	}
	return no, n.store.Atualizar(ctx, no)
}

// Digesto sends, once a day, one e-mail per person with what waited for it:
// what they asked to receive as a digest, and what their quiet hours held.
// Somebody who is inside their quiet hours right now is left for the next
// digest — the digest is a message too. It answers how many e-mails left.
func (n *Notificador) Digesto(ctx context.Context) (int, error) {
	agora := n.Agora()
	primeiro, err := n.store.Dia(ctx, agora.Format("2006-01-02"))
	if err != nil || !primeiro {
		return 0, err
	}
	esperando, err := n.store.Esperando(ctx)
	if err != nil {
		return 0, err
	}
	porPessoa := map[string][]Notificacao{}
	var ordem []string
	for _, no := range esperando {
		if _, ok := porPessoa[no.Para.Sujeito]; !ok {
			ordem = append(ordem, no.Para.Sujeito)
		}
		porPessoa[no.Para.Sujeito] = append(porPessoa[no.Para.Sujeito], no)
	}
	sort.Strings(ordem)

	enviados := 0
	var erros []string
	for _, sujeito := range ordem {
		p, err := n.Preferencias(ctx, sujeito)
		if err != nil {
			return enviados, err
		}
		if p.Silencio(agora.Hour()) {
			continue
		}
		lista := porPessoa[sujeito]
		itens := make([]h.Node, 0, len(lista))
		for _, no := range lista {
			itens = append(itens, h.Li(h.Strong(h.Text(no.Titulo)), h.Text(" — "+no.Corpo)))
		}
		err = Mailer.Send(ctx, mail.Message{
			To:      []string{lista[0].Para.Email},
			Subject: "Your notifications — " + Marca,
			Body:    mail.Layout(Marca, h.P(h.Text("What arrived since the last digest:")), h.Ul(itens...)),
		})
		for _, no := range lista {
			var merr error
			if err != nil {
				_, merr = n.marcar(ctx, no, Falhou, err.Error())
			} else {
				_, merr = n.marcar(ctx, no, Enviada, "")
			}
			if merr != nil {
				return enviados, merr
			}
		}
		if err != nil {
			erros = append(erros, err.Error())
			continue
		}
		enviados++
	}
	if len(erros) > 0 {
		return enviados, errors.New("notificar: digest: " + strings.Join(erros, "; "))
	}
	return enviados, nil
}

// DispararDigesto is the outbox's button: the digest as a task, with the day
// as the key, so two clicks are one digest.
func (n *Notificador) DispararDigesto(c *trilha.Ctx) error {
	_, err := n.tarefas.Run(c, TarefaDigesto, n.Agora().Format("2006-01-02"))
	return err
}
