// Package planos is where the plans are created and removed. Only whoever
// administers billing gets here: middleware.go asks for it.
package planos

import (
	"errors"
	"net/http"
	"strconv"

	"github.com/emersonjoe/trilha"
	"github.com/emersonjoe/trilha/h"
	"github.com/emersonjoe/trilha/ui"

	"example.com/golden/internal/cobranca"
)

// Page renders GET /billing/planos.
func Page(c *trilha.Ctx) (h.Node, error) {
	c.SetTitle("Plans")
	return tela(c, cobranca.Plano{Moeda: "BRL", Intervalo: "month"}, nil)
}

// POST creates a plan or deletes one. Both are written to the audit trail:
// a price is money, and money that changed without a name next to it is the
// question an audit exists to answer.
func POST(c *trilha.Ctx) error {
	store := trilha.Use[*cobranca.Billing](c).Store
	if c.Form("acao") == "apagar" {
		id := c.Form("id")
		switch err := store.ApagarPlano(c.Context(), id); {
		case errors.Is(err, cobranca.ErrPlanoEmUso):
			return trilha.Errorf(http.StatusConflict, "%s", "A subscription still uses this plan.")
		case errors.Is(err, cobranca.ErrNaoExiste):
			return trilha.ErrNotFound
		case err != nil:
			return err
		}
		c.Audit("billing.plano_apagado", id)
		return c.Redirect("/billing/planos")
	}
	var p cobranca.Plano
	if err := c.Bind(&p); err != nil {
		var fe trilha.FieldErrors
		if errors.As(err, &fe) {
			pagina, err := tela(c, p, fe)
			if err != nil {
				return err
			}
			return c.Render(http.StatusUnprocessableEntity, pagina)
		}
		return err
	}
	p, err := store.SalvarPlano(c.Context(), p)
	if err != nil {
		return err
	}
	c.Audit("billing.plano_salvo", p.ID, trilha.Fields{"nome": p.Nome, "centavos": p.Centavos, "moeda": p.Moeda})
	return c.Redirect("/billing/planos")
}

func tela(c *trilha.Ctx, p cobranca.Plano, errs trilha.FieldErrors) (h.Node, error) {
	planos, err := trilha.Use[*cobranca.Billing](c).Store.Planos(c.Context())
	if err != nil {
		return nil, err
	}
	var lista h.Node = ui.Empty(ui.EmptyOpts{Icon: "plus", Title: "No plans yet."})
	if len(planos) > 0 {
		linhas := make([]h.Node, 0, len(planos))
		for _, pl := range planos {
			linhas = append(linhas, h.Tr(
				h.Td(h.Text(pl.Nome)),
				h.Td(h.Text(pl.Moeda+" "), ui.Number(c, float64(pl.Centavos)/100, ui.Decimals(2))),
				h.Td(h.Text(pl.Intervalo)),
				h.Td(h.Form(h.Method("post"), h.Action("/billing/planos"),
					trilha.CSRFInput(c),
					h.Input(h.Type("hidden"), h.Name("acao"), h.Value("apagar")),
					h.Input(h.Type("hidden"), h.Name("id"), h.Value(pl.ID)),
					ui.Submit(ui.Outline(), h.Text("Delete")))),
			))
		}
		lista = ui.Table(
			h.Thead(h.Tr(h.Th(h.Text("Name")), h.Th(h.Text("Amount")),
				h.Th(h.Text("Interval")), h.Th())),
			h.Tbody(linhas...),
		)
	}
	intervalos := []ui.Option{{Value: "month", Label: "Monthly"}, {Value: "year", Label: "Yearly"}}
	return ui.Stack(
		ui.PageHeader("Plans", ui.ButtonLink("/billing", ui.Outline(), h.Text("Billing"))),
		lista,
		h.Form(h.Method("post"), h.Action("/billing/planos"), h.Class("ui-stack"),
			trilha.CSRFInput(c),
			ui.Field("nome", "Name",
				ui.Input(h.ID("nome"), h.Name("nome"), h.Value(p.Nome), h.Required(), ui.InvalidIf(errs, "nome")),
				ui.Errors(errs, "nome")),
			ui.Field("centavos", "Price (cents)",
				ui.Input(h.ID("centavos"), h.Name("centavos"), h.Type("number"), h.Attr("min", "0"),
					h.Value(strconv.FormatInt(p.Centavos, 10)), ui.InvalidIf(errs, "centavos")), ui.Errors(errs, "centavos")),
			ui.Field("moeda", "Currency",
				ui.Input(h.ID("moeda"), h.Name("moeda"), h.Value(p.Moeda), h.Attr("maxlength", "3"),
					ui.InvalidIf(errs, "moeda")), ui.Errors(errs, "moeda")),
			ui.Field("intervalo", "Interval",
				ui.Select(h.ID("intervalo"), h.Name("intervalo"), ui.SelectOptions(intervalos, p.Intervalo),
					ui.InvalidIf(errs, "intervalo")),
				ui.Errors(errs, "intervalo")),
			h.Div(ui.Submit(h.Text("Create plan"))),
		),
	), nil
}
