{
  "status": "fail",
  "failures": [
    {
      "tool": "gen",
      "code": "E_NO_PAGE_FUNC",
      "file": "app/page.go",
      "line": 3,
      "message": "page.go must export func Page(c *trilha.Ctx) (h.Node, error); found func Render",
      "hint": "rename the function to Page, or delete page.go if this directory is not a page",
      "doc": "/docs/errors/E_NO_PAGE_FUNC"
    }
  ]
}
