{
  "ok": false,
  "steps": [
    {
      "tool": "gen",
      "status": "failed"
    },
    {
      "tool": "gofmt",
      "status": "not run"
    },
    {
      "tool": "vet",
      "status": "not run"
    },
    {
      "tool": "test",
      "status": "not run"
    },
    {
      "tool": "audit",
      "status": "not run"
    },
    {
      "tool": "openapi",
      "status": "not run"
    }
  ],
  "problems": [
    {
      "tool": "gen",
      "file": "app/page.go",
      "line": 3,
      "message": "page.go must export func Page(c *trilha.Ctx) (h.Node, error); found func Render",
      "fix": "rename the function to Page, or delete page.go if this directory is not a page"
    }
  ]
}
